// Vitest Snapshot v1, https://vitest.dev/guide/snapshot.html

exports[`HTML snapshot > matches snapshot 1`] = `
"<section data-v-f626ec8a="">
  <h3 data-v-f626ec8a="" class="card-title mb-4 pb-2 border-b-2 border-stone-200"> Cook Log </h3>
  <div data-v-f626ec8a="" class="py-4 pr-4 pl-3 border-l-3 border-warning mb-4">
    <!-- Header: date + version badge -->
    <div data-v-f626ec8a="" class="flex items-center gap-3 mb-3"><span data-v-f626ec8a="" class="font-semibold text-stone-700">Thursday, February 5, 2026</span><span data-v-f626ec8a="" class="text-xs bg-stone-200 px-2 py-0.5 rounded-none">v1.0.0</span></div><!-- Markdown content -->
    <div data-v-f626ec8a="" class="prose">
      <ul>
        <li>Note 1</li>
        <li>Note 2</li>
      </ul>
      <h4>Next Time</h4>
      <ul>
        <li>Try this next time</li>
      </ul>
    </div>
  </div>
</section>"
`;
