// Vitest Snapshot v1, https://vitest.dev/guide/snapshot.html

exports[`HTML snapshot > matches snapshot 1`] = `
"<div class="bg-stone-50 rounded-none p-4 border-2 border-stone-200">
  <div class="flex items-center justify-between mb-3">
    <h4 class="text-sm font-medium text-stone-500 uppercase tracking-wide">Gather</h4><button class="btn-secondary text-sm">Copy</button>
  </div>
  <div class="gather-category-stub">Vessels: 2 items</div>
  <div class="gather-category-stub">Equipment: 2 items</div>
  <div class="gather-category-stub">Ingredients: 2 items</div>
</div>"
`;
