// Vitest Snapshot v1, https://vitest.dev/guide/snapshot.html

exports[`PricingRow > matches HTML snapshot with full pricing data 1`] = `
"<li data-v-28c293e9="" class="pricing-row" data-recipe-id="r1" data-entry-id="e1"><img data-v-28c293e9="" class="pricing-row-thumb" src="/images/atk/2026-05-01/img-400w.webp" alt="ATK Cinnamon Buns — latest bake" loading="lazy">
  <div data-v-28c293e9="" class="pricing-row-id"><span data-v-65c8741e="" data-v-28c293e9="" class="help-tooltip help-tooltip--align-center help-tooltip--placement-top pricing-row-name-tooltip"><span data-v-65c8741e="" class="help-tooltip-trigger" aria-describedby="help-tooltip-178"><span data-v-28c293e9="" class="pricing-row-name">ATK Cinnamon Buns</span></span>
    <!--teleport start-->
    <!--teleport end--></span><span data-v-28c293e9="" class="pricing-row-yields">1 batch · 8 buns</span>
  </div>
  <div data-v-28c293e9="" class="pricing-row-cost"><span data-v-65c8741e="" data-v-28c293e9="" class="help-tooltip help-tooltip--align-center help-tooltip--placement-top"><span data-v-65c8741e="" class="help-tooltip-trigger" aria-describedby="help-tooltip-179"><span data-v-28c293e9="" class="pricing-row-cost-value">$0.50<span data-v-28c293e9="" class="pricing-row-cost-unit">/bun</span></span></span>
    <!--teleport start-->
    <!--teleport end--></span>
  </div>
  <div data-v-28c293e9="" class="pricing-row-slider-wrap"><span data-v-65c8741e="" data-v-28c293e9="" class="help-tooltip help-tooltip--align-left help-tooltip--placement-top pricing-row-slider-tooltip"><span data-v-65c8741e="" class="help-tooltip-trigger" aria-describedby="help-tooltip-180"><input data-v-28c293e9="" type="range" class="pricing-row-slider" min="50" max="1500" step="1" aria-label="Markup percent for ATK Cinnamon Buns" aria-readonly="false" data-testid="pricing-row-slider" value="200"></span>
    <!--teleport start-->
    <!--teleport end--></span><span data-v-28c293e9="" class="pricing-row-markup" data-testid="pricing-row-markup">200%</span><span data-v-65c8741e="" data-v-28c293e9="" class="help-tooltip help-tooltip--align-left help-tooltip--placement-top pricing-row-sold-tooltip"><span data-v-65c8741e="" class="help-tooltip-trigger" aria-describedby="help-tooltip-181"><label data-v-28c293e9="" class="pricing-row-sold-label"><span data-v-28c293e9="" class="pricing-row-sold-text">≈ sell</span><input data-v-28c293e9="" type="number" class="pricing-row-sold-input" inputmode="numeric" step="1" min="0" placeholder="8" aria-label="Estimated units sold for ATK Cinnamon Buns" value=""></label></span>
    <!--teleport start-->
    <!--teleport end--></span>
  </div>
  <div data-v-28c293e9="" class="pricing-row-readout"><span data-v-65c8741e="" data-v-28c293e9="" class="help-tooltip help-tooltip--align-right help-tooltip--placement-top"><span data-v-65c8741e="" class="help-tooltip-trigger" aria-describedby="help-tooltip-182"><span data-v-28c293e9="" class="pricing-row-sell" role="button" tabindex="0" data-testid="pricing-row-sell-display">$1.50</span></span>
    <!--teleport start-->
    <!--teleport end--></span>
    <!--v-if-->
    <!--v-if--><span data-v-65c8741e="" data-v-28c293e9="" class="help-tooltip help-tooltip--align-right help-tooltip--placement-top"><span data-v-65c8741e="" class="help-tooltip-trigger" aria-describedby="help-tooltip-183"><span data-v-28c293e9="" class="pricing-row-cp">+$1.00 · 67%</span></span>
    <!--teleport start-->
    <!--teleport end--></span><span data-v-28c293e9="" class="pricing-row-breakeven">break even: sell <span data-v-65c8741e="" data-v-28c293e9="" class="help-tooltip help-tooltip--align-right help-tooltip--placement-top"><span data-v-65c8741e="" class="help-tooltip-trigger" aria-describedby="help-tooltip-184"><span data-v-28c293e9="" class="pricing-row-breakeven-n">3</span></span>
    <!--teleport start-->
    <!--teleport end--></span> of 8</span>
  </div>
</li>"
`;
