// Vitest Snapshot v1, https://vitest.dev/guide/snapshot.html

exports[`ProductionCartEntry > matches HTML snapshot for a user-added default-mode entry 1`] = `
"<div data-v-b45f02f6="" class="cart-entry" data-recipe-id="atk-cinnamon-buns-ultimate" data-entry-id="entry-1">
  <div data-v-b45f02f6="" class="cart-entry-top">
    <div data-v-b45f02f6="" class="cart-entry-main">
      <div data-v-b45f02f6="" class="cart-entry-thumb cart-entry-thumb-placeholder" aria-hidden="true">TB</div>
      <div data-v-b45f02f6="" class="cart-entry-text"><span data-v-65c8741e="" data-v-b45f02f6="" class="help-tooltip help-tooltip--align-center help-tooltip--placement-top"><span data-v-65c8741e="" class="help-tooltip-trigger" aria-describedby="help-tooltip-229"><a data-v-b45f02f6="" href="/recipe/atk-cinnamon-buns-ultimate" class="cart-entry-name">Tartine Baguette</a></span>
        <!--teleport start-->
        <!--teleport end--></span>
        <div data-v-b45f02f6="" class="cart-entry-yields">makes: 2 loaves</div>
      </div>
    </div><span data-v-65c8741e="" data-v-b45f02f6="" class="help-tooltip help-tooltip--align-right help-tooltip--placement-top"><span data-v-65c8741e="" class="help-tooltip-trigger" aria-describedby="help-tooltip-230"><button data-v-b45f02f6="" type="button" class="cart-entry-remove" aria-label="Remove Tartine Baguette from production">×</button></span>
    <!--teleport start-->
    <!--teleport end--></span>
  </div>
  <div data-v-b45f02f6="" class="cart-entry-controls">
    <div data-v-b45f02f6="" class="cart-entry-qty"><span data-v-65c8741e="" data-v-b45f02f6="" class="help-tooltip help-tooltip--align-center help-tooltip--placement-top"><span data-v-65c8741e="" class="help-tooltip-trigger" aria-describedby="help-tooltip-231"><button data-v-b45f02f6="" type="button" class="cart-entry-qty-btn" aria-label="Remove one batch">−</button></span>
      <!--teleport start-->
      <!--teleport end--></span><span data-v-65c8741e="" data-v-b45f02f6="" class="help-tooltip help-tooltip--align-center help-tooltip--placement-top"><span data-v-65c8741e="" class="help-tooltip-trigger" aria-describedby="help-tooltip-232"><span data-v-b45f02f6="" class="cart-entry-qty-display" aria-label="Quantity for Tartine Baguette" role="button" tabindex="0" data-testid="cart-entry-yield-display">4</span></span>
      <!--teleport start-->
      <!--teleport end--></span><span data-v-65c8741e="" data-v-b45f02f6="" class="help-tooltip help-tooltip--align-center help-tooltip--placement-top"><span data-v-65c8741e="" class="help-tooltip-trigger" aria-describedby="help-tooltip-233"><button data-v-b45f02f6="" type="button" class="cart-entry-qty-btn" aria-label="Add one batch">+</button></span>
      <!--teleport start-->
      <!--teleport end--></span>
    </div><span data-v-65c8741e="" data-v-b45f02f6="" class="help-tooltip help-tooltip--align-right help-tooltip--placement-top cart-entry-unit-tooltip"><span data-v-65c8741e="" class="help-tooltip-trigger" aria-describedby="help-tooltip-234"><input data-v-b45f02f6="" type="text" class="cart-entry-unit" placeholder="unit" aria-label="Unit for Tartine Baguette" value="loaf"></span>
    <!--teleport start-->
    <!--teleport end--></span>
  </div>
  <div data-v-b45f02f6="" class="cart-entry-subtext"><span data-v-b45f02f6="" class="cart-entry-subtext-scale" data-testid="cart-entry-scale-label">2 batch<span data-v-b45f02f6="">es</span></span></div>
  <div data-v-b45f02f6="" class="cart-entry-meta"> added by <span data-v-b45f02f6="" class="cart-entry-meta-by" data-added-by="user">user</span> · <span data-v-b45f02f6="" class="cart-entry-meta-date">May 12</span></div>
</div>"
`;

exports[`ProductionCartEntry > matches HTML snapshot for an override-mode entry with hero thumb 1`] = `
"<div data-v-b45f02f6="" class="cart-entry" data-recipe-id="atk-cinnamon-buns-ultimate" data-entry-id="entry-2">
  <div data-v-b45f02f6="" class="cart-entry-top">
    <div data-v-b45f02f6="" class="cart-entry-main"><img data-v-b45f02f6="" class="cart-entry-thumb" src="/images/sourdough-chocolate-chip-cookies/x/y-400w.webp" alt="Sourdough Chocolate Chip Cookies thumbnail" loading="lazy">
      <div data-v-b45f02f6="" class="cart-entry-text"><span data-v-65c8741e="" data-v-b45f02f6="" class="help-tooltip help-tooltip--align-center help-tooltip--placement-top"><span data-v-65c8741e="" class="help-tooltip-trigger" aria-describedby="help-tooltip-235"><a data-v-b45f02f6="" href="/recipe/atk-cinnamon-buns-ultimate" class="cart-entry-name">Sourdough Chocolate Chip Cookies</a></span>
        <!--teleport start-->
        <!--teleport end--></span>
        <div data-v-b45f02f6="" class="cart-entry-yields">makes: 22 cookies</div>
      </div>
    </div><span data-v-65c8741e="" data-v-b45f02f6="" class="help-tooltip help-tooltip--align-right help-tooltip--placement-top"><span data-v-65c8741e="" class="help-tooltip-trigger" aria-describedby="help-tooltip-236"><button data-v-b45f02f6="" type="button" class="cart-entry-remove" aria-label="Remove Sourdough Chocolate Chip Cookies from production">×</button></span>
    <!--teleport start-->
    <!--teleport end--></span>
  </div>
  <div data-v-b45f02f6="" class="cart-entry-controls">
    <div data-v-b45f02f6="" class="cart-entry-qty"><span data-v-65c8741e="" data-v-b45f02f6="" class="help-tooltip help-tooltip--align-center help-tooltip--placement-top"><span data-v-65c8741e="" class="help-tooltip-trigger" aria-describedby="help-tooltip-237"><button data-v-b45f02f6="" type="button" class="cart-entry-qty-btn" aria-label="Remove one cookie">−</button></span>
      <!--teleport start-->
      <!--teleport end--></span><span data-v-65c8741e="" data-v-b45f02f6="" class="help-tooltip help-tooltip--align-center help-tooltip--placement-top"><span data-v-65c8741e="" class="help-tooltip-trigger" aria-describedby="help-tooltip-238"><span data-v-b45f02f6="" class="cart-entry-qty-display cart-entry-qty-display-override" aria-label="Quantity for Sourdough Chocolate Chip Cookies" role="button" tabindex="0" data-testid="cart-entry-yield-display">15</span></span>
      <!--teleport start-->
      <!--teleport end--></span><span data-v-65c8741e="" data-v-b45f02f6="" class="help-tooltip help-tooltip--align-center help-tooltip--placement-top"><span data-v-65c8741e="" class="help-tooltip-trigger" aria-describedby="help-tooltip-239"><button data-v-b45f02f6="" type="button" class="cart-entry-qty-btn" aria-label="Add one cookie">+</button></span>
      <!--teleport start-->
      <!--teleport end--></span>
    </div><span data-v-65c8741e="" data-v-b45f02f6="" class="help-tooltip help-tooltip--align-right help-tooltip--placement-top cart-entry-unit-tooltip"><span data-v-65c8741e="" class="help-tooltip-trigger" aria-describedby="help-tooltip-240"><input data-v-b45f02f6="" type="text" class="cart-entry-unit" placeholder="unit" aria-label="Unit for Sourdough Chocolate Chip Cookies" value="cookie"></span>
    <!--teleport start-->
    <!--teleport end--></span>
  </div>
  <div data-v-b45f02f6="" class="cart-entry-subtext"><span data-v-b45f02f6="" class="cart-entry-subtext-custom" data-testid="cart-entry-custom-label">custom</span> · <span data-v-65c8741e="" data-v-b45f02f6="" class="help-tooltip help-tooltip--align-center help-tooltip--placement-top"><span data-v-65c8741e="" class="help-tooltip-trigger" aria-describedby="help-tooltip-241"><button data-v-b45f02f6="" type="button" class="cart-entry-reset" aria-label="Clear custom amount" data-testid="cart-entry-reset">↺ clear custom</button></span>
    <!--teleport start-->
    <!--teleport end--></span>
  </div>
  <div data-v-b45f02f6="" class="cart-entry-meta"> added by <span data-v-b45f02f6="" class="cart-entry-meta-by" data-added-by="agent">agent</span> · <span data-v-b45f02f6="" class="cart-entry-meta-date">May 12</span></div>
</div>"
`;
