// Vitest Snapshot v1, https://vitest.dev/guide/snapshot.html

exports[`ProductionLibraryRow > matches HTML snapshot for a row with hero thumb (in queue) 1`] = `
"<li data-v-2f09520e="" class="library-row in-queue" data-recipe-id="simple-sourdough" data-in-queue="true" data-focused="false"><img data-v-2f09520e="" class="library-row-thumb" src="/images/simple-sourdough/2026-04-28/loaf2-ear-closeup-400w.webp" alt="Sourdough Bread - 70% Hydration — latest bake" loading="lazy">
  <div data-v-2f09520e="" class="library-row-name" title="Sourdough Bread - 70% Hydration">Sourdough Bread - 70% Hydration</div>
  <div data-v-2f09520e="" class="library-row-yields">2 loaves (~800g)</div>
  <div data-v-2f09520e="" class="library-row-category" title="Category: baking">baking</div>
  <div data-v-2f09520e="" class="library-row-bakes" title="Baked 24 times">24 bakes</div><button data-v-2f09520e="" type="button" class="library-row-plus" title="Add Sourdough Bread - 70% Hydration to production queue" aria-label="Add Sourdough Bread - 70% Hydration to production queue" data-testid="add-library-simple-sourdough">+</button>
</li>"
`;

exports[`ProductionLibraryRow > matches HTML snapshot for a row without hero thumb (focused, not in queue) 1`] = `
"<li data-v-2f09520e="" class="library-row is-focused" data-recipe-id="tartine-baguette" data-in-queue="false" data-focused="true">
  <div data-v-2f09520e="" class="library-row-thumb library-row-thumb-placeholder" aria-hidden="true">TB</div>
  <div data-v-2f09520e="" class="library-row-name" title="Tartine Baguette">Tartine Baguette</div>
  <div data-v-2f09520e="" class="library-row-yields">2-3 baguettes</div>
  <div data-v-2f09520e="" class="library-row-category" title="Category: baking">baking</div>
  <div data-v-2f09520e="" class="library-row-bakes" title="Baked 3 times">3 bakes</div><button data-v-2f09520e="" type="button" class="library-row-plus" title="Add Tartine Baguette to production queue" aria-label="Add Tartine Baguette to production queue" data-testid="add-library-tartine-baguette">+</button>
</li>"
`;
